// Vitest Snapshot v1, https://vitest.dev/guide/snapshot.html

exports[`<DeleteButton /> > when rendered > should match snapshot 1`] = `
<div>
  <button
    class="inline-flex items-center justify-center gap-2 whitespace-nowrap text-sm font-medium ring-offset-background transition-colors focus-visible:outline-none focus-visible:ring-2 focus-visible:ring-ring focus-visible:ring-offset-2 disabled:pointer-events-none disabled:opacity-50 [&_svg]:pointer-events-none [&_svg]:size-4 [&_svg]:shrink-0 rounded-md px-3 border border-input bg-background hover:bg-accent hover:text-accent-foreground ml-auto h-8 !text-red-500 !border-red-500"
  >
    <svg
      class="lucide lucide-trash2"
      fill="none"
      height="24"
      stroke="currentColor"
      stroke-linecap="round"
      stroke-linejoin="round"
      stroke-width="2"
      viewBox="0 0 24 24"
      width="24"
      xmlns="http://www.w3.org/2000/svg"
    >
      <path
        d="M3 6h18"
      />
      <path
        d="M19 6v14c0 1-1 2-2 2H7c-1 0-2-1-2-2V6"
      />
      <path
        d="M8 6V4c0-1 1-2 2-2h4c1 0 2 1 2 2v2"
      />
      <line
        x1="10"
        x2="10"
        y1="11"
        y2="17"
      />
      <line
        x1="14"
        x2="14"
        y1="11"
        y2="17"
      />
    </svg>
    <span
      class="hidden lg:block"
    >
      action.delete
    </span>
  </button>
  <div />
</div>
`;
