// Vitest Snapshot v1, https://vitest.dev/guide/snapshot.html

exports[`<Spinner /> > when loading is true > should match snapshot 1`] = `
<div>
  <div
    class="absolute w-full h-full flex items-center justify-center z-50"
  >
    <svg
      aria-hidden="true"
      class="lucide lucide-loader-circle relative animate-spin text-primary"
      fill="none"
      height="24"
      stroke="currentColor"
      stroke-linecap="round"
      stroke-linejoin="round"
      stroke-width="2"
      viewBox="0 0 24 24"
      width="24"
      xmlns="http://www.w3.org/2000/svg"
    >
      <path
        d="M21 12a9 9 0 1 1-6.219-8.56"
      />
    </svg>
  </div>
</div>
`;
